
                             _RF:RF2 PI: PART-  _U:U2 PI: PART-1-
                  X              1-1 N: 7_1          1 N: 7_1    

                0.                -0.                 0.         
              100.E-06           518.867E-03         10.E-06     
              200.E-06             1.03595           20.E-06     
              300.E-06             1.55127           30.E-06     
              400.E-06             2.06484           40.E-06     
              500.E-06             2.56739           50.E-06     
              600.E-06             3.00729           60.E-06     
              700.E-06             3.39245           70.E-06     
              800.E-06             3.72968           80.E-06     
              900.E-06             4.02494           90.E-06     
                1.E-03             4.28347          100.E-06     
                1.1E-03            4.50984          110.E-06     
                1.2E-03            4.70807          120.E-06     
                1.3E-03            4.88166          130.E-06     
                1.4E-03            5.03368          140.E-06     
                1.5E-03            5.16682          150.E-06     
                1.6E-03            5.28344          160.E-06     
                1.7E-03            5.38558          170.E-06     
                1.8E-03            5.47507          180.E-06     
                1.9E-03            5.55347          190.E-06     
                2.E-03             5.62217          200.E-06     
                2.1E-03            5.68238          210.E-06     
                2.2E-03            5.73515          220.E-06     
                2.3E-03            5.78141          230.E-06     
                2.4E-03            5.82198          240.E-06     
                2.5E-03            5.85755          250.E-06     
                2.6E-03            5.88877          260.E-06     
                2.7E-03            5.91615          270.E-06     
                2.8E-03            5.9402           280.E-06     
                2.9E-03            5.96131          290.E-06     
                3.E-03             5.97986          300.E-06     
                3.1E-03            5.99617          310.E-06     
                3.2E-03            6.01051          320.E-06     
                3.3E-03            6.02313          330.E-06     
                3.4E-03            6.03424          340.E-06     
                3.5E-03            6.04404          350.E-06     
                3.6E-03            6.05268          360.E-06     
                3.7E-03            6.06031          370.E-06     
                3.8E-03            6.06705          380.E-06     
                3.9E-03            6.07302          390.E-06     
                4.E-03             6.07831          400.E-06     
                4.1E-03            6.083            410.E-06     
                4.2E-03            6.08718          420.E-06     
                4.3E-03            6.0909           430.E-06     
                4.4E-03            6.09422          440.E-06     
                4.5E-03            6.09719          450.E-06     
                4.6E-03            6.09986          460.E-06     
                4.7E-03            6.10225          470.E-06     
                4.8E-03            6.10441          480.E-06     
                4.9E-03            6.10637          490.E-06     
                5.E-03             6.10814          500.E-06     
                5.1E-03            6.10975          510.E-06     
                5.2E-03            6.11123          520.E-06     
                5.3E-03            6.11259          530.E-06     
                5.4E-03            6.11383          540.E-06     
                5.5E-03            6.11499          550.E-06     
                5.6E-03            6.11606          560.E-06     
                5.7E-03            6.11706          570.E-06     
                5.8E-03            6.11799          580.E-06     
                5.9E-03            6.11887          590.E-06     
                6.E-03             6.1197           600.E-06     
                6.1E-03            6.12049          610.E-06     
                6.2E-03            6.12124          620.E-06     
                6.3E-03            6.12195          630.E-06     
                6.4E-03            6.12264          640.E-06     
                6.5E-03            6.1233           650.E-06     
                6.6E-03            6.12394          660.E-06     
                6.7E-03            6.12455          670.E-06     
                6.8E-03            6.12515          680.E-06     
                6.9E-03            6.12573          690.E-06     
                7.E-03             6.1263           700.E-06     
                7.1E-03            6.12685          710.E-06     
                7.2E-03            6.1274           720.E-06     
                7.3E-03            6.12793          730.E-06     
                7.4E-03            6.12845          740.E-06     
                7.5E-03            6.12897          750.E-06     
                7.6E-03            6.12948          760.E-06     
                7.7E-03            6.12998          770.E-06     
                7.8E-03            6.13048          780.E-06     
                7.9E-03            6.13097          790.E-06     
                8.E-03             6.13145          800.E-06     
                8.1E-03            6.13193          810.E-06     
                8.2E-03            6.13241          820.E-06     
                8.3E-03            6.13288          830.E-06     
                8.4E-03            6.13335          840.E-06     
                8.5E-03            6.13381          850.E-06     
                8.6E-03            6.13427          860.E-06     
                8.7E-03            6.13473          870.E-06     
                8.8E-03            6.13519          880.E-06     
                8.9E-03            6.13564          890.E-06     
                9.E-03             6.13609          900.E-06     
                9.1E-03            6.13654          910.E-06     
                9.2E-03            6.13698          920.E-06     
                9.3E-03            6.13742          930.E-06     
                9.4E-03            6.13787          940.E-06     
                9.5E-03            6.1383           950.E-06     
                9.6E-03            6.13874          960.E-06     
                9.7E-03            6.13917          970.E-06     
                9.8E-03            6.13961          980.E-06     
                9.9E-03            6.14004          990.E-06     
               10.E-03             6.14047            1.E-03     
               10.E-03             6.14047            1.E-03     
               10.1E-03            5.68509            1.E-03     
               10.2E-03            5.28649            1.E-03     
               10.3E-03            4.93759            1.E-03     
               10.4E-03            4.63218            1.E-03     
               10.5E-03            4.36486            1.E-03     
               10.6E-03            4.13086            1.E-03     
               10.7E-03            3.92604            1.E-03     
               10.8E-03            3.74676            1.E-03     
               10.9E-03            3.58984            1.E-03     
               11.E-03             3.45248            1.E-03     
               11.1E-03            3.33225            1.E-03     
               11.2E-03            3.22702            1.E-03     
               11.3E-03            3.13491            1.E-03     
               11.4E-03            3.05429            1.E-03     
               11.5E-03            2.98372            1.E-03     
               11.6E-03            2.92196            1.E-03     
               11.7E-03            2.8679             1.E-03     
               11.8E-03            2.82059            1.E-03     
               11.9E-03            2.77918            1.E-03     
               12.E-03             2.74293            1.E-03     
               12.1E-03            2.71122            1.E-03     
               12.2E-03            2.68346            1.E-03     
               12.3E-03            2.65916            1.E-03     
               12.4E-03            2.63791            1.E-03     
               12.5E-03            2.6193             1.E-03     
               12.6E-03            2.60302            1.E-03     
               12.7E-03            2.58878            1.E-03     
               12.8E-03            2.57632            1.E-03     
               12.9E-03            2.56541            1.E-03     
               13.E-03             2.55587            1.E-03     
               13.1E-03            2.54753            1.E-03     
               13.2E-03            2.54023            1.E-03     
               13.3E-03            2.53385            1.E-03     
               13.4E-03            2.52826            1.E-03     
               13.5E-03            2.52338            1.E-03     
               13.6E-03            2.51912            1.E-03     
               13.7E-03            2.51539            1.E-03     
               13.8E-03            2.51213            1.E-03     
               13.9E-03            2.50928            1.E-03     
               14.E-03             2.50679            1.E-03     
               14.1E-03            2.50462            1.E-03     
               14.2E-03            2.50272            1.E-03     
               14.3E-03            2.50106            1.E-03     
               14.4E-03            2.49957            1.E-03     
               14.5E-03            2.49808            1.E-03     
               14.6E-03            2.49661            1.E-03     
               14.7E-03            2.49514            1.E-03     
               14.8E-03            2.49369            1.E-03     
               14.9E-03            2.49225            1.E-03     
               15.E-03             2.49082            1.E-03     
               15.1E-03            2.4894             1.E-03     
               15.2E-03            2.48799            1.E-03     
               15.3E-03            2.48659            1.E-03     
               15.4E-03            2.4852             1.E-03     
               15.5E-03            2.48382            1.E-03     
               15.6E-03            2.48245            1.E-03     
               15.7E-03            2.4811             1.E-03     
               15.8E-03            2.47975            1.E-03     
               15.9E-03            2.47841            1.E-03     
               16.E-03             2.47708            1.E-03     
               16.1E-03            2.47576            1.E-03     
               16.2E-03            2.47445            1.E-03     
               16.3E-03            2.47315            1.E-03     
               16.4E-03            2.47186            1.E-03     
               16.5E-03            2.47058            1.E-03     
               16.6E-03            2.46931            1.E-03     
               16.7E-03            2.46805            1.E-03     
               16.8E-03            2.4668             1.E-03     
               16.9E-03            2.46556            1.E-03     
               17.E-03             2.46433            1.E-03     
               17.1E-03            2.4631             1.E-03     
               17.2E-03            2.46189            1.E-03     
               17.3E-03            2.46068            1.E-03     
               17.4E-03            2.45949            1.E-03     
               17.5E-03            2.4583             1.E-03     
               17.6E-03            2.45712            1.E-03     
               17.7E-03            2.45595            1.E-03     
               17.8E-03            2.45479            1.E-03     
               17.9E-03            2.45363            1.E-03     
               18.E-03             2.45249            1.E-03     
               18.1E-03            2.45135            1.E-03     
               18.2E-03            2.45022            1.E-03     
               18.3E-03            2.44911            1.E-03     
               18.4E-03            2.44799            1.E-03     
               18.5E-03            2.44689            1.E-03     
               18.6E-03            2.4458             1.E-03     
               18.7E-03            2.44471            1.E-03     
               18.8E-03            2.44363            1.E-03     
               18.9E-03            2.44256            1.E-03     
               19.E-03             2.4415             1.E-03     
               19.1E-03            2.44044            1.E-03     
               19.2E-03            2.4394             1.E-03     
               19.3E-03            2.43836            1.E-03     
               19.4E-03            2.43733            1.E-03     
               19.5E-03            2.4363             1.E-03     
               19.6E-03            2.43529            1.E-03     
               19.7E-03            2.43428            1.E-03     
               19.8E-03            2.43328            1.E-03     
               19.9E-03            2.43228            1.E-03     
               20.E-03             2.4313             1.E-03     
               20.1E-03            2.43032            1.E-03     
               20.2E-03            2.42935            1.E-03     
               20.3E-03            2.42838            1.E-03     
               20.4E-03            2.42742            1.E-03     
               20.5E-03            2.42647            1.E-03     
               20.6E-03            2.42553            1.E-03     
               20.7E-03            2.4246             1.E-03     
               20.8E-03            2.42367            1.E-03     
               20.9E-03            2.42274            1.E-03     
               21.E-03             2.42183            1.E-03     
               21.1E-03            2.42092            1.E-03     
               21.2E-03            2.42002            1.E-03     
               21.3E-03            2.41912            1.E-03     
               21.4E-03            2.41823            1.E-03     
               21.5E-03            2.41735            1.E-03     
               21.6E-03            2.41648            1.E-03     
               21.7E-03            2.41561            1.E-03     
               21.8E-03            2.41474            1.E-03     
               21.9E-03            2.41389            1.E-03     
               22.E-03             2.41304            1.E-03     
               22.1E-03            2.41219            1.E-03     
               22.2E-03            2.41136            1.E-03     
               22.3E-03            2.41053            1.E-03     
               22.4E-03            2.4097             1.E-03     
               22.5E-03            2.40888            1.E-03     
               22.6E-03            2.40807            1.E-03     
               22.7E-03            2.40726            1.E-03     
               22.8E-03            2.40646            1.E-03     
               22.9E-03            2.40567            1.E-03     
               23.E-03             2.40488            1.E-03     
               23.1E-03            2.40409            1.E-03     
               23.2E-03            2.40332            1.E-03     
               23.3E-03            2.40255            1.E-03     
               23.4E-03            2.40178            1.E-03     
               23.5E-03            2.40102            1.E-03     
               23.6E-03            2.40027            1.E-03     
               23.7E-03            2.39952            1.E-03     
               23.8E-03            2.39877            1.E-03     
               23.9E-03            2.39804            1.E-03     
               24.E-03             2.3973             1.E-03     
               24.1E-03            2.39658            1.E-03     
               24.2E-03            2.39585            1.E-03     
               24.3E-03            2.39514            1.E-03     
               24.4E-03            2.39443            1.E-03     
               24.5E-03            2.39372            1.E-03     
               24.6E-03            2.39302            1.E-03     
               24.7E-03            2.39233            1.E-03     
               24.8E-03            2.39164            1.E-03     
               24.9E-03            2.39095            1.E-03     
               25.E-03             2.39027            1.E-03     
               25.1E-03            2.3896             1.E-03     
               25.2E-03            2.38893            1.E-03     
               25.3E-03            2.38826            1.E-03     
               25.4E-03            2.3876             1.E-03     
               25.5E-03            2.38695            1.E-03     
               25.6E-03            2.3863             1.E-03     
               25.7E-03            2.38565            1.E-03     
               25.8E-03            2.38501            1.E-03     
               25.9E-03            2.38438            1.E-03     
               26.E-03             2.38375            1.E-03     
               26.1E-03            2.38312            1.E-03     
               26.2E-03            2.3825             1.E-03     
               26.3E-03            2.38188            1.E-03     
               26.4E-03            2.38127            1.E-03     
               26.5E-03            2.38066            1.E-03     
               26.6E-03            2.38006            1.E-03     
               26.7E-03            2.37946            1.E-03     
               26.8E-03            2.37886            1.E-03     
               26.9E-03            2.37827            1.E-03     
               27.E-03             2.37769            1.E-03     
               27.1E-03            2.37711            1.E-03     
               27.2E-03            2.37653            1.E-03     
               27.3E-03            2.37596            1.E-03     
               27.4E-03            2.37539            1.E-03     
               27.5E-03            2.37482            1.E-03     
               27.6E-03            2.37426            1.E-03     
               27.7E-03            2.37371            1.E-03     
               27.8E-03            2.37315            1.E-03     
               27.9E-03            2.37261            1.E-03     
               28.E-03             2.37206            1.E-03     
               28.1E-03            2.37152            1.E-03     
               28.2E-03            2.37099            1.E-03     
               28.3E-03            2.37046            1.E-03     
               28.4E-03            2.36993            1.E-03     
               28.5E-03            2.3694             1.E-03     
               28.6E-03            2.36888            1.E-03     
               28.7E-03            2.36837            1.E-03     
               28.8E-03            2.36786            1.E-03     
               28.9E-03            2.36735            1.E-03     
               29.E-03             2.36684            1.E-03     
               29.1E-03            2.36634            1.E-03     
               29.2E-03            2.36584            1.E-03     
               29.3E-03            2.36535            1.E-03     
               29.4E-03            2.36486            1.E-03     
               29.5E-03            2.36437            1.E-03     
               29.6E-03            2.36389            1.E-03     
               29.7E-03            2.36341            1.E-03     
               29.8E-03            2.36294            1.E-03     
               29.9E-03            2.36246            1.E-03     
               30.E-03             2.362              1.E-03     
               30.1E-03            2.36153            1.E-03     
               30.2E-03            2.36107            1.E-03     
               30.3E-03            2.36061            1.E-03     
               30.4E-03            2.36016            1.E-03     
               30.5E-03            2.35971            1.E-03     
               30.6E-03            2.35926            1.E-03     
               30.7E-03            2.35881            1.E-03     
               30.8E-03            2.35837            1.E-03     
               30.9E-03            2.35793            1.E-03     
               31.E-03             2.3575             1.E-03     
               31.1E-03            2.35707            1.E-03     
               31.2E-03            2.35664            1.E-03     
               31.3E-03            2.35621            1.E-03     
               31.4E-03            2.35579            1.E-03     
               31.5E-03            2.35537            1.E-03     
               31.6E-03            2.35495            1.E-03     
               31.7E-03            2.35454            1.E-03     
               31.8E-03            2.35413            1.E-03     
               31.9E-03            2.35373            1.E-03     
               32.E-03             2.35332            1.E-03     
               32.1E-03            2.35292            1.E-03     
               32.2E-03            2.35252            1.E-03     
               32.3E-03            2.35213            1.E-03     
               32.4E-03            2.35174            1.E-03     
               32.5E-03            2.35135            1.E-03     
               32.6E-03            2.35096            1.E-03     
               32.7E-03            2.35058            1.E-03     
               32.8E-03            2.3502             1.E-03     
               32.9E-03            2.34982            1.E-03     
               33.E-03             2.34945            1.E-03     
               33.1E-03            2.34907            1.E-03     
               33.2E-03            2.3487             1.E-03     
               33.3E-03            2.34834            1.E-03     
               33.4E-03            2.34797            1.E-03     
               33.5E-03            2.34761            1.E-03     
               33.6E-03            2.34725            1.E-03     
               33.7E-03            2.3469             1.E-03     
               33.8E-03            2.34655            1.E-03     
               33.9E-03            2.3462             1.E-03     
               34.E-03             2.34585            1.E-03     
               34.1E-03            2.3455             1.E-03     
               34.2E-03            2.34516            1.E-03     
               34.3E-03            2.34482            1.E-03     
               34.4E-03            2.34448            1.E-03     
               34.5E-03            2.34415            1.E-03     
               34.6E-03            2.34381            1.E-03     
               34.7E-03            2.34348            1.E-03     
               34.8E-03            2.34316            1.E-03     
               34.9E-03            2.34283            1.E-03     
               35.E-03             2.34251            1.E-03     
               35.1E-03            2.34219            1.E-03     
               35.2E-03            2.34187            1.E-03     
               35.3E-03            2.34155            1.E-03     
               35.4E-03            2.34124            1.E-03     
               35.5E-03            2.34093            1.E-03     
               35.6E-03            2.34062            1.E-03     
               35.7E-03            2.34031            1.E-03     
               35.8E-03            2.34001            1.E-03     
               35.9E-03            2.33971            1.E-03     
               36.E-03             2.33941            1.E-03     
               36.1E-03            2.33911            1.E-03     
               36.2E-03            2.33881            1.E-03     
               36.3E-03            2.33852            1.E-03     
               36.4E-03            2.33823            1.E-03     
               36.5E-03            2.33794            1.E-03     
               36.6E-03            2.33765            1.E-03     
               36.7E-03            2.33737            1.E-03     
               36.8E-03            2.33709            1.E-03     
               36.9E-03            2.33681            1.E-03     
               37.E-03             2.33653            1.E-03     
               37.1E-03            2.33625            1.E-03     
               37.2E-03            2.33598            1.E-03     
               37.3E-03            2.33571            1.E-03     
               37.4E-03            2.33544            1.E-03     
               37.5E-03            2.33517            1.E-03     
               37.6E-03            2.3349             1.E-03     
               37.7E-03            2.33464            1.E-03     
               37.8E-03            2.33438            1.E-03     
               37.9E-03            2.33412            1.E-03     
               38.E-03             2.33386            1.E-03     
               38.1E-03            2.3336             1.E-03     
               38.2E-03            2.33335            1.E-03     
               38.3E-03            2.33309            1.E-03     
               38.4E-03            2.33284            1.E-03     
               38.5E-03            2.33259            1.E-03     
               38.6E-03            2.33235            1.E-03     
               38.7E-03            2.3321             1.E-03     
               38.8E-03            2.33186            1.E-03     
               38.9E-03            2.33162            1.E-03     
               39.E-03             2.33138            1.E-03     
               39.1E-03            2.33114            1.E-03     
               39.2E-03            2.3309             1.E-03     
               39.3E-03            2.33067            1.E-03     
               39.4E-03            2.33044            1.E-03     
               39.5E-03            2.3302             1.E-03     
               39.6E-03            2.32997            1.E-03     
               39.7E-03            2.32975            1.E-03     
               39.8E-03            2.32952            1.E-03     
               39.9E-03            2.3293             1.E-03     
               40.E-03             2.32907            1.E-03     
               40.1E-03            2.32885            1.E-03     
               40.2E-03            2.32863            1.E-03     
               40.3E-03            2.32842            1.E-03     
               40.4E-03            2.3282             1.E-03     
               40.5E-03            2.32799            1.E-03     
               40.6E-03            2.32777            1.E-03     
               40.7E-03            2.32756            1.E-03     
               40.8E-03            2.32735            1.E-03     
               40.9E-03            2.32714            1.E-03     
               41.E-03             2.32694            1.E-03     
               41.1E-03            2.32673            1.E-03     
               41.2E-03            2.32653            1.E-03     
               41.3E-03            2.32633            1.E-03     
               41.4E-03            2.32613            1.E-03     
               41.5E-03            2.32593            1.E-03     
               41.6E-03            2.32573            1.E-03     
               41.7E-03            2.32553            1.E-03     
               41.8E-03            2.32534            1.E-03     
               41.9E-03            2.32515            1.E-03     
               42.E-03             2.32495            1.E-03     
               42.1E-03            2.32476            1.E-03     
               42.2E-03            2.32457            1.E-03     
               42.3E-03            2.32439            1.E-03     
               42.4E-03            2.3242             1.E-03     
               42.5E-03            2.32402            1.E-03     
               42.6E-03            2.32383            1.E-03     
               42.7E-03            2.32365            1.E-03     
               42.8E-03            2.32347            1.E-03     
               42.9E-03            2.32329            1.E-03     
               43.E-03             2.32311            1.E-03     
               43.1E-03            2.32294            1.E-03     
               43.2E-03            2.32276            1.E-03     
               43.3E-03            2.32259            1.E-03     
               43.4E-03            2.32241            1.E-03     
               43.5E-03            2.32224            1.E-03     
               43.6E-03            2.32207            1.E-03     
               43.7E-03            2.3219             1.E-03     
               43.8E-03            2.32173            1.E-03     
               43.9E-03            2.32157            1.E-03     
               44.E-03             2.3214             1.E-03     
               44.1E-03            2.32124            1.E-03     
               44.2E-03            2.32108            1.E-03     
               44.3E-03            2.32091            1.E-03     
               44.4E-03            2.32075            1.E-03     
               44.5E-03            2.32059            1.E-03     
               44.6E-03            2.32044            1.E-03     
               44.7E-03            2.32028            1.E-03     
               44.8E-03            2.32012            1.E-03     
               44.9E-03            2.31997            1.E-03     
               45.E-03             2.31982            1.E-03     
               45.1E-03            2.31966            1.E-03     
               45.2E-03            2.31951            1.E-03     
               45.3E-03            2.31936            1.E-03     
               45.4E-03            2.31921            1.E-03     
               45.5E-03            2.31907            1.E-03     
               45.6E-03            2.31892            1.E-03     
               45.7E-03            2.31877            1.E-03     
               45.8E-03            2.31863            1.E-03     
               45.9E-03            2.31849            1.E-03     
               46.E-03             2.31834            1.E-03     
               46.1E-03            2.3182             1.E-03     
               46.2E-03            2.31806            1.E-03     
               46.3E-03            2.31792            1.E-03     
               46.4E-03            2.31778            1.E-03     
               46.5E-03            2.31765            1.E-03     
               46.6E-03            2.31751            1.E-03     
               46.7E-03            2.31738            1.E-03     
               46.8E-03            2.31724            1.E-03     
               46.9E-03            2.31711            1.E-03     
               47.E-03             2.31698            1.E-03     
               47.1E-03            2.31684            1.E-03     
               47.2E-03            2.31671            1.E-03     
               47.3E-03            2.31659            1.E-03     
               47.4E-03            2.31646            1.E-03     
               47.5E-03            2.31633            1.E-03     
               47.6E-03            2.3162             1.E-03     
               47.7E-03            2.31608            1.E-03     
               47.8E-03            2.31595            1.E-03     
               47.9E-03            2.31583            1.E-03     
               48.E-03             2.31571            1.E-03     
               48.1E-03            2.31559            1.E-03     
               48.2E-03            2.31546            1.E-03     
               48.3E-03            2.31534            1.E-03     
               48.4E-03            2.31523            1.E-03     
               48.5E-03            2.31511            1.E-03     
               48.6E-03            2.31499            1.E-03     
               48.7E-03            2.31487            1.E-03     
               48.8E-03            2.31476            1.E-03     
               48.9E-03            2.31464            1.E-03     
               49.E-03             2.31453            1.E-03     
               49.1E-03            2.31442            1.E-03     
               49.2E-03            2.3143             1.E-03     
               49.3E-03            2.31419            1.E-03     
               49.4E-03            2.31408            1.E-03     
               49.5E-03            2.31397            1.E-03     
               49.6E-03            2.31386            1.E-03     
               49.7E-03            2.31375            1.E-03     
               49.8E-03            2.31365            1.E-03     
               49.9E-03            2.31354            1.E-03     
               50.E-03             2.31344            1.E-03     
               50.1E-03            2.31333            1.E-03     
               50.2E-03            2.31323            1.E-03     
               50.3E-03            2.31312            1.E-03     
               50.4E-03            2.31302            1.E-03     
               50.5E-03            2.31292            1.E-03     
               50.6E-03            2.31282            1.E-03     
               50.7E-03            2.31272            1.E-03     
               50.8E-03            2.31262            1.E-03     
               50.9E-03            2.31252            1.E-03     
               51.E-03             2.31242            1.E-03     
               51.1E-03            2.31232            1.E-03     
               51.2E-03            2.31223            1.E-03     
               51.3E-03            2.31213            1.E-03     
               51.4E-03            2.31203            1.E-03     
               51.5E-03            2.31194            1.E-03     
               51.6E-03            2.31185            1.E-03     
               51.7E-03            2.31175            1.E-03     
               51.8E-03            2.31166            1.E-03     
               51.9E-03            2.31157            1.E-03     
               52.E-03             2.31148            1.E-03     
               52.1E-03            2.31139            1.E-03     
               52.2E-03            2.3113             1.E-03     
               52.3E-03            2.31121            1.E-03     
               52.4E-03            2.31112            1.E-03     
               52.5E-03            2.31103            1.E-03     
               52.6E-03            2.31094            1.E-03     
               52.7E-03            2.31086            1.E-03     
               52.8E-03            2.31077            1.E-03     
               52.9E-03            2.31069            1.E-03     
               53.E-03             2.3106             1.E-03     
               53.1E-03            2.31052            1.E-03     
               53.2E-03            2.31044            1.E-03     
               53.3E-03            2.31035            1.E-03     
               53.4E-03            2.31027            1.E-03     
               53.5E-03            2.31019            1.E-03     
               53.6E-03            2.31011            1.E-03     
               53.7E-03            2.31003            1.E-03     
               53.8E-03            2.30995            1.E-03     
               53.9E-03            2.30987            1.E-03     
               54.E-03             2.30979            1.E-03     
               54.1E-03            2.30971            1.E-03     
               54.2E-03            2.30964            1.E-03     
               54.3E-03            2.30956            1.E-03     
               54.4E-03            2.30948            1.E-03     
               54.5E-03            2.30941            1.E-03     
               54.6E-03            2.30933            1.E-03     
               54.7E-03            2.30926            1.E-03     
               54.8E-03            2.30918            1.E-03     
               54.9E-03            2.30911            1.E-03     
               55.E-03             2.30904            1.E-03     
               55.1E-03            2.30896            1.E-03     
               55.2E-03            2.30889            1.E-03     
               55.3E-03            2.30882            1.E-03     
               55.4E-03            2.30875            1.E-03     
               55.5E-03            2.30868            1.E-03     
               55.6E-03            2.30861            1.E-03     
               55.7E-03            2.30854            1.E-03     
               55.8E-03            2.30847            1.E-03     
               55.9E-03            2.3084             1.E-03     
               56.E-03             2.30834            1.E-03     
               56.1E-03            2.30827            1.E-03     
               56.2E-03            2.3082             1.E-03     
               56.3E-03            2.30814            1.E-03     
               56.4E-03            2.30807            1.E-03     
               56.5E-03            2.30801            1.E-03     
               56.6E-03            2.30794            1.E-03     
               56.7E-03            2.30788            1.E-03     
               56.8E-03            2.30781            1.E-03     
               56.9E-03            2.30775            1.E-03     
               57.E-03             2.30769            1.E-03     
               57.1E-03            2.30763            1.E-03     
               57.2E-03            2.30756            1.E-03     
               57.3E-03            2.3075             1.E-03     
               57.4E-03            2.30744            1.E-03     
               57.5E-03            2.30738            1.E-03     
               57.6E-03            2.30732            1.E-03     
               57.7E-03            2.30726            1.E-03     
               57.8E-03            2.3072             1.E-03     
               57.9E-03            2.30714            1.E-03     
               58.E-03             2.30708            1.E-03     
               58.1E-03            2.30703            1.E-03     
               58.2E-03            2.30697            1.E-03     
               58.3E-03            2.30691            1.E-03     
               58.4E-03            2.30686            1.E-03     
               58.5E-03            2.3068             1.E-03     
               58.6E-03            2.30674            1.E-03     
               58.7E-03            2.30669            1.E-03     
               58.8E-03            2.30663            1.E-03     
               58.9E-03            2.30658            1.E-03     
               59.E-03             2.30652            1.E-03     
               59.1E-03            2.30647            1.E-03     
               59.2E-03            2.30642            1.E-03     
               59.3E-03            2.30637            1.E-03     
               59.4E-03            2.30631            1.E-03     
               59.5E-03            2.30626            1.E-03     
               59.6E-03            2.30621            1.E-03     
               59.7E-03            2.30616            1.E-03     
               59.8E-03            2.30611            1.E-03     
               59.9E-03            2.30606            1.E-03     
               60.E-03             2.30601            1.E-03     
               60.1E-03            2.30596            1.E-03     
               60.2E-03            2.30591            1.E-03     
               60.3E-03            2.30586            1.E-03     
               60.4E-03            2.30581            1.E-03     
               60.5E-03            2.30576            1.E-03     
               60.6E-03            2.30571            1.E-03     
               60.7E-03            2.30566            1.E-03     
               60.8E-03            2.30562            1.E-03     
               60.9E-03            2.30557            1.E-03     
               61.E-03             2.30552            1.E-03     
               61.1E-03            2.30548            1.E-03     
               61.2E-03            2.30543            1.E-03     
               61.3E-03            2.30539            1.E-03     
               61.4E-03            2.30534            1.E-03     
               61.5E-03            2.3053             1.E-03     
               61.6E-03            2.30525            1.E-03     
               61.7E-03            2.30521            1.E-03     
               61.8E-03            2.30516            1.E-03     
               61.9E-03            2.30512            1.E-03     
               62.E-03             2.30508            1.E-03     
               62.1E-03            2.30503            1.E-03     
               62.2E-03            2.30499            1.E-03     
               62.3E-03            2.30495            1.E-03     
               62.4E-03            2.30491            1.E-03     
               62.5E-03            2.30486            1.E-03     
               62.6E-03            2.30482            1.E-03     
               62.7E-03            2.30478            1.E-03     
               62.8E-03            2.30474            1.E-03     
               62.9E-03            2.3047             1.E-03     
               63.E-03             2.30466            1.E-03     
               63.1E-03            2.30462            1.E-03     
               63.2E-03            2.30458            1.E-03     
               63.3E-03            2.30454            1.E-03     
               63.4E-03            2.3045             1.E-03     
               63.5E-03            2.30446            1.E-03     
               63.6E-03            2.30443            1.E-03     
               63.7E-03            2.30439            1.E-03     
               63.8E-03            2.30435            1.E-03     
               63.9E-03            2.30431            1.E-03     
               64.E-03             2.30427            1.E-03     
               64.1E-03            2.30424            1.E-03     
               64.2E-03            2.3042             1.E-03     
               64.3E-03            2.30416            1.E-03     
               64.4E-03            2.30413            1.E-03     
               64.5E-03            2.30409            1.E-03     
               64.6E-03            2.30406            1.E-03     
               64.7E-03            2.30402            1.E-03     
               64.8E-03            2.30399            1.E-03     
               64.9E-03            2.30395            1.E-03     
               65.E-03             2.30392            1.E-03     
               65.1E-03            2.30388            1.E-03     
               65.2E-03            2.30385            1.E-03     
               65.3E-03            2.30381            1.E-03     
               65.4E-03            2.30378            1.E-03     
               65.5E-03            2.30375            1.E-03     
               65.6E-03            2.30371            1.E-03     
               65.7E-03            2.30368            1.E-03     
               65.8E-03            2.30365            1.E-03     
               65.9E-03            2.30362            1.E-03     
               66.E-03             2.30358            1.E-03     
               66.1E-03            2.30355            1.E-03     
               66.2E-03            2.30352            1.E-03     
               66.3E-03            2.30349            1.E-03     
               66.4E-03            2.30346            1.E-03     
               66.5E-03            2.30343            1.E-03     
               66.6E-03            2.3034             1.E-03     
               66.7E-03            2.30337            1.E-03     
               66.8E-03            2.30333            1.E-03     
               66.9E-03            2.3033             1.E-03     
               67.E-03             2.30328            1.E-03     
               67.1E-03            2.30325            1.E-03     
               67.2E-03            2.30322            1.E-03     
               67.3E-03            2.30319            1.E-03     
               67.4E-03            2.30316            1.E-03     
               67.5E-03            2.30313            1.E-03     
               67.6E-03            2.3031             1.E-03     
               67.7E-03            2.30307            1.E-03     
               67.8E-03            2.30304            1.E-03     
               67.9E-03            2.30302            1.E-03     
               68.E-03             2.30299            1.E-03     
               68.1E-03            2.30296            1.E-03     
               68.2E-03            2.30293            1.E-03     
               68.3E-03            2.30291            1.E-03     
               68.4E-03            2.30288            1.E-03     
               68.5E-03            2.30285            1.E-03     
               68.6E-03            2.30283            1.E-03     
               68.7E-03            2.3028             1.E-03     
               68.8E-03            2.30277            1.E-03     
               68.9E-03            2.30275            1.E-03     
               69.E-03             2.30272            1.E-03     
               69.1E-03            2.3027             1.E-03     
               69.2E-03            2.30267            1.E-03     
               69.3E-03            2.30265            1.E-03     
               69.4E-03            2.30262            1.E-03     
               69.5E-03            2.3026             1.E-03     
               69.6E-03            2.30257            1.E-03     
               69.7E-03            2.30255            1.E-03     
               69.8E-03            2.30252            1.E-03     
               69.9E-03            2.3025             1.E-03     
               70.E-03             2.30248            1.E-03     
               70.1E-03            2.30245            1.E-03     
               70.2E-03            2.30243            1.E-03     
               70.3E-03            2.30241            1.E-03     
               70.4E-03            2.30238            1.E-03     
               70.5E-03            2.30236            1.E-03     
               70.6E-03            2.30234            1.E-03     
               70.7E-03            2.30231            1.E-03     
               70.8E-03            2.30229            1.E-03     
               70.9E-03            2.30227            1.E-03     
               71.E-03             2.30225            1.E-03     
               71.1E-03            2.30222            1.E-03     
               71.2E-03            2.3022             1.E-03     
               71.3E-03            2.30218            1.E-03     
               71.4E-03            2.30216            1.E-03     
               71.5E-03            2.30214            1.E-03     
               71.6E-03            2.30212            1.E-03     
               71.7E-03            2.3021             1.E-03     
               71.8E-03            2.30208            1.E-03     
               71.9E-03            2.30205            1.E-03     
               72.E-03             2.30203            1.E-03     
               72.1E-03            2.30201            1.E-03     
               72.2E-03            2.30199            1.E-03     
               72.3E-03            2.30197            1.E-03     
               72.4E-03            2.30195            1.E-03     
               72.5E-03            2.30193            1.E-03     
               72.6E-03            2.30191            1.E-03     
               72.7E-03            2.30189            1.E-03     
               72.8E-03            2.30188            1.E-03     
               72.9E-03            2.30186            1.E-03     
               73.E-03             2.30184            1.E-03     
               73.1E-03            2.30182            1.E-03     
               73.2E-03            2.3018             1.E-03     
               73.3E-03            2.30178            1.E-03     
               73.4E-03            2.30176            1.E-03     
               73.5E-03            2.30174            1.E-03     
               73.6E-03            2.30173            1.E-03     
               73.7E-03            2.30171            1.E-03     
               73.8E-03            2.30169            1.E-03     
               73.9E-03            2.30167            1.E-03     
               74.E-03             2.30165            1.E-03     
               74.1E-03            2.30164            1.E-03     
               74.2E-03            2.30162            1.E-03     
               74.3E-03            2.3016             1.E-03     
               74.4E-03            2.30158            1.E-03     
               74.5E-03            2.30157            1.E-03     
               74.6E-03            2.30155            1.E-03     
               74.7E-03            2.30153            1.E-03     
               74.8E-03            2.30152            1.E-03     
               74.9E-03            2.3015             1.E-03     
               75.E-03             2.30148            1.E-03     
               75.1E-03            2.30147            1.E-03     
               75.2E-03            2.30145            1.E-03     
               75.3E-03            2.30143            1.E-03     
               75.4E-03            2.30142            1.E-03     
               75.5E-03            2.3014             1.E-03     
               75.6E-03            2.30139            1.E-03     
               75.7E-03            2.30137            1.E-03     
               75.8E-03            2.30136            1.E-03     
               75.9E-03            2.30134            1.E-03     
               76.E-03             2.30133            1.E-03     
               76.1E-03            2.30131            1.E-03     
               76.2E-03            2.3013             1.E-03     
               76.3E-03            2.30128            1.E-03     
               76.4E-03            2.30127            1.E-03     
               76.5E-03            2.30125            1.E-03     
               76.6E-03            2.30124            1.E-03     
               76.7E-03            2.30122            1.E-03     
               76.8E-03            2.30121            1.E-03     
               76.9E-03            2.30119            1.E-03     
               77.E-03             2.30118            1.E-03     
               77.1E-03            2.30116            1.E-03     
               77.2E-03            2.30115            1.E-03     
               77.3E-03            2.30114            1.E-03     
               77.4E-03            2.30112            1.E-03     
               77.5E-03            2.30111            1.E-03     
               77.6E-03            2.3011             1.E-03     
               77.7E-03            2.30108            1.E-03     
               77.8E-03            2.30107            1.E-03     
               77.9E-03            2.30106            1.E-03     
               78.E-03             2.30104            1.E-03     
               78.1E-03            2.30103            1.E-03     
               78.2E-03            2.30102            1.E-03     
               78.3E-03            2.301              1.E-03     
               78.4E-03            2.30099            1.E-03     
               78.5E-03            2.30098            1.E-03     
               78.6E-03            2.30097            1.E-03     
               78.7E-03            2.30095            1.E-03     
               78.8E-03            2.30094            1.E-03     
               78.9E-03            2.30093            1.E-03     
               79.E-03             2.30092            1.E-03     
               79.1E-03            2.3009             1.E-03     
               79.2E-03            2.30089            1.E-03     
               79.3E-03            2.30088            1.E-03     
               79.4E-03            2.30087            1.E-03     
               79.5E-03            2.30086            1.E-03     
               79.6E-03            2.30085            1.E-03     
               79.7E-03            2.30083            1.E-03     
               79.8E-03            2.30082            1.E-03     
               79.9E-03            2.30081            1.E-03     
               80.E-03             2.3008             1.E-03     
               80.1E-03            2.30079            1.E-03     
               80.2E-03            2.30078            1.E-03     
               80.3E-03            2.30077            1.E-03     
               80.4E-03            2.30075            1.E-03     
               80.5E-03            2.30074            1.E-03     
               80.6E-03            2.30073            1.E-03     
               80.7E-03            2.30072            1.E-03     
               80.8E-03            2.30071            1.E-03     
               80.9E-03            2.3007             1.E-03     
               81.E-03             2.30069            1.E-03     
               81.1E-03            2.30068            1.E-03     
               81.2E-03            2.30067            1.E-03     
               81.3E-03            2.30066            1.E-03     
               81.4E-03            2.30065            1.E-03     
               81.5E-03            2.30064            1.E-03     
               81.6E-03            2.30063            1.E-03     
               81.7E-03            2.30062            1.E-03     
               81.8E-03            2.30061            1.E-03     
               81.9E-03            2.3006             1.E-03     
               82.E-03             2.30059            1.E-03     
               82.1E-03            2.30058            1.E-03     
               82.2E-03            2.30057            1.E-03     
               82.3E-03            2.30056            1.E-03     
               82.4E-03            2.30055            1.E-03     
               82.5E-03            2.30054            1.E-03     
               82.6E-03            2.30053            1.E-03     
               82.7E-03            2.30052            1.E-03     
               82.8E-03            2.30051            1.E-03     
               82.9E-03            2.3005             1.E-03     
               83.E-03             2.3005             1.E-03     
               83.1E-03            2.30049            1.E-03     
               83.2E-03            2.30048            1.E-03     
               83.3E-03            2.30047            1.E-03     
               83.4E-03            2.30046            1.E-03     
               83.5E-03            2.30045            1.E-03     
               83.6E-03            2.30044            1.E-03     
               83.7E-03            2.30043            1.E-03     
               83.8E-03            2.30043            1.E-03     
               83.9E-03            2.30042            1.E-03     
               84.E-03             2.30041            1.E-03     
               84.1E-03            2.3004             1.E-03     
               84.2E-03            2.30039            1.E-03     
               84.3E-03            2.30038            1.E-03     
               84.4E-03            2.30038            1.E-03     
               84.5E-03            2.30037            1.E-03     
               84.6E-03            2.30036            1.E-03     
               84.7E-03            2.30035            1.E-03     
               84.8E-03            2.30034            1.E-03     
               84.9E-03            2.30034            1.E-03     
               85.E-03             2.30033            1.E-03     
               85.1E-03            2.30032            1.E-03     
               85.2E-03            2.30031            1.E-03     
               85.3E-03            2.3003             1.E-03     
               85.4E-03            2.3003             1.E-03     
               85.5E-03            2.30029            1.E-03     
               85.6E-03            2.30028            1.E-03     
               85.7E-03            2.30027            1.E-03     
               85.8E-03            2.30027            1.E-03     
               85.9E-03            2.30026            1.E-03     
               86.E-03             2.30025            1.E-03     
               86.1E-03            2.30025            1.E-03     
               86.2E-03            2.30024            1.E-03     
               86.3E-03            2.30023            1.E-03     
               86.4E-03            2.30022            1.E-03     
               86.5E-03            2.30022            1.E-03     
               86.6E-03            2.30021            1.E-03     
               86.7E-03            2.3002             1.E-03     
               86.8E-03            2.3002             1.E-03     
               86.9E-03            2.30019            1.E-03     
               87.E-03             2.30018            1.E-03     
               87.1E-03            2.30018            1.E-03     
               87.2E-03            2.30017            1.E-03     
               87.3E-03            2.30016            1.E-03     
               87.4E-03            2.30016            1.E-03     
               87.5E-03            2.30015            1.E-03     
               87.6E-03            2.30014            1.E-03     
               87.7E-03            2.30014            1.E-03     
               87.8E-03            2.30013            1.E-03     
               87.9E-03            2.30012            1.E-03     
               88.E-03             2.30012            1.E-03     
               88.1E-03            2.30011            1.E-03     
               88.2E-03            2.30011            1.E-03     
               88.3E-03            2.3001             1.E-03     
               88.4E-03            2.30009            1.E-03     
               88.5E-03            2.30009            1.E-03     
               88.6E-03            2.30008            1.E-03     
               88.7E-03            2.30008            1.E-03     
               88.8E-03            2.30007            1.E-03     
               88.9E-03            2.30006            1.E-03     
               89.E-03             2.30006            1.E-03     
               89.1E-03            2.30005            1.E-03     
               89.2E-03            2.30005            1.E-03     
               89.3E-03            2.30004            1.E-03     
               89.4E-03            2.30004            1.E-03     
               89.5E-03            2.30003            1.E-03     
               89.6E-03            2.30002            1.E-03     
               89.7E-03            2.30002            1.E-03     
               89.8E-03            2.30001            1.E-03     
               89.9E-03            2.30001            1.E-03     
               90.E-03             2.3                1.E-03     
               90.1E-03            2.3                1.E-03     
               90.2E-03            2.29999            1.E-03     
               90.3E-03            2.29999            1.E-03     
               90.4E-03            2.29998            1.E-03     
               90.5E-03            2.29998            1.E-03     
               90.6E-03            2.29997            1.E-03     
               90.7E-03            2.29997            1.E-03     
               90.8E-03            2.29996            1.E-03     
               90.9E-03            2.29996            1.E-03     
               91.E-03             2.29995            1.E-03     
               91.1E-03            2.29995            1.E-03     
               91.2E-03            2.29994            1.E-03     
               91.3E-03            2.29994            1.E-03     
               91.4E-03            2.29993            1.E-03     
               91.5E-03            2.29993            1.E-03     
               91.6E-03            2.29992            1.E-03     
               91.7E-03            2.29992            1.E-03     
               91.8E-03            2.29991            1.E-03     
               91.9E-03            2.29991            1.E-03     
               92.E-03             2.2999             1.E-03     
               92.1E-03            2.2999             1.E-03     
               92.2E-03            2.29989            1.E-03     
               92.3E-03            2.29989            1.E-03     
               92.4E-03            2.29989            1.E-03     
               92.5E-03            2.29988            1.E-03     
               92.6E-03            2.29988            1.E-03     
               92.7E-03            2.29987            1.E-03     
               92.8E-03            2.29987            1.E-03     
               92.9E-03            2.29986            1.E-03     
               93.E-03             2.29986            1.E-03     
               93.1E-03            2.29985            1.E-03     
               93.2E-03            2.29985            1.E-03     
               93.3E-03            2.29985            1.E-03     
               93.4E-03            2.29984            1.E-03     
               93.5E-03            2.29984            1.E-03     
               93.6E-03            2.29983            1.E-03     
               93.7E-03            2.29983            1.E-03     
               93.8E-03            2.29983            1.E-03     
               93.9E-03            2.29982            1.E-03     
               94.E-03             2.29982            1.E-03     
               94.1E-03            2.29981            1.E-03     
               94.2E-03            2.29981            1.E-03     
               94.3E-03            2.29981            1.E-03     
               94.4E-03            2.2998             1.E-03     
               94.5E-03            2.2998             1.E-03     
               94.6E-03            2.29979            1.E-03     
               94.7E-03            2.29979            1.E-03     
               94.8E-03            2.29979            1.E-03     
               94.9E-03            2.29978            1.E-03     
               95.E-03             2.29978            1.E-03     
               95.1E-03            2.29978            1.E-03     
               95.2E-03            2.29977            1.E-03     
               95.3E-03            2.29977            1.E-03     
               95.4E-03            2.29976            1.E-03     
               95.5E-03            2.29976            1.E-03     
               95.6E-03            2.29976            1.E-03     
               95.7E-03            2.29975            1.E-03     
               95.8E-03            2.29975            1.E-03     
               95.9E-03            2.29975            1.E-03     
               96.E-03             2.29974            1.E-03     
               96.1E-03            2.29974            1.E-03     
               96.2E-03            2.29974            1.E-03     
               96.3E-03            2.29973            1.E-03     
               96.4E-03            2.29973            1.E-03     
               96.5E-03            2.29973            1.E-03     
               96.6E-03            2.29972            1.E-03     
               96.7E-03            2.29972            1.E-03     
               96.8E-03            2.29972            1.E-03     
               96.9E-03            2.29971            1.E-03     
               97.E-03             2.29971            1.E-03     
               97.1E-03            2.29971            1.E-03     
               97.2E-03            2.2997             1.E-03     
               97.3E-03            2.2997             1.E-03     
               97.4E-03            2.2997             1.E-03     
               97.5E-03            2.29969            1.E-03     
               97.6E-03            2.29969            1.E-03     
               97.7E-03            2.29969            1.E-03     
               97.8E-03            2.29969            1.E-03     
               97.9E-03            2.29968            1.E-03     
               98.E-03             2.29968            1.E-03     
               98.1E-03            2.29968            1.E-03     
               98.2E-03            2.29967            1.E-03     
               98.3E-03            2.29967            1.E-03     
               98.4E-03            2.29967            1.E-03     
               98.5E-03            2.29966            1.E-03     
               98.6E-03            2.29966            1.E-03     
               98.7E-03            2.29966            1.E-03     
               98.8E-03            2.29966            1.E-03     
               98.9E-03            2.29965            1.E-03     
               99.E-03             2.29965            1.E-03     
               99.1E-03            2.29965            1.E-03     
               99.2E-03            2.29965            1.E-03     
               99.3E-03            2.29964            1.E-03     
               99.4E-03            2.29964            1.E-03     
               99.5E-03            2.29964            1.E-03     
               99.6E-03            2.29963            1.E-03     
               99.7E-03            2.29963            1.E-03     
               99.8E-03            2.29963            1.E-03     
               99.9E-03            2.29963            1.E-03     
              100.E-03             2.29962            1.E-03     
              100.1E-03            2.29962            1.E-03     
              100.2E-03            2.29962            1.E-03     
              100.3E-03            2.29962            1.E-03     
              100.4E-03            2.29961            1.E-03     
              100.5E-03            2.29961            1.E-03     
              100.6E-03            2.29961            1.E-03     
              100.7E-03            2.29961            1.E-03     
              100.8E-03            2.2996             1.E-03     
              100.9E-03            2.2996             1.E-03     
              101.E-03             2.2996             1.E-03     
              101.1E-03            2.2996             1.E-03     
              101.2E-03            2.2996             1.E-03     
              101.3E-03            2.29959            1.E-03     
              101.4E-03            2.29959            1.E-03     
              101.5E-03            2.29959            1.E-03     
              101.6E-03            2.29959            1.E-03     
              101.7E-03            2.29958            1.E-03     
              101.8E-03            2.29958            1.E-03     
              101.9E-03            2.29958            1.E-03     
              102.E-03             2.29958            1.E-03     
              102.1E-03            2.29957            1.E-03     
              102.2E-03            2.29957            1.E-03     
              102.3E-03            2.29957            1.E-03     
              102.4E-03            2.29957            1.E-03     
              102.5E-03            2.29957            1.E-03     
              102.6E-03            2.29956            1.E-03     
              102.7E-03            2.29956            1.E-03     
              102.8E-03            2.29956            1.E-03     
              102.9E-03            2.29956            1.E-03     
              103.E-03             2.29956            1.E-03     
              103.1E-03            2.29955            1.E-03     
              103.2E-03            2.29955            1.E-03     
              103.3E-03            2.29955            1.E-03     
              103.4E-03            2.29955            1.E-03     
              103.5E-03            2.29955            1.E-03     
              103.6E-03            2.29954            1.E-03     
              103.7E-03            2.29954            1.E-03     
              103.8E-03            2.29954            1.E-03     
              103.9E-03            2.29954            1.E-03     
              104.E-03             2.29954            1.E-03     
              104.1E-03            2.29953            1.E-03     
              104.2E-03            2.29953            1.E-03     
              104.3E-03            2.29953            1.E-03     
              104.4E-03            2.29953            1.E-03     
              104.5E-03            2.29953            1.E-03     
              104.6E-03            2.29953            1.E-03     
              104.7E-03            2.29952            1.E-03     
              104.8E-03            2.29952            1.E-03     
              104.9E-03            2.29952            1.E-03     
              105.E-03             2.29952            1.E-03     
              105.1E-03            2.29952            1.E-03     
              105.2E-03            2.29951            1.E-03     
              105.3E-03            2.29951            1.E-03     
              105.4E-03            2.29951            1.E-03     
              105.5E-03            2.29951            1.E-03     
              105.6E-03            2.29951            1.E-03     
              105.7E-03            2.29951            1.E-03     
              105.8E-03            2.2995             1.E-03     
              105.9E-03            2.2995             1.E-03     
              106.E-03             2.2995             1.E-03     
              106.1E-03            2.2995             1.E-03     
              106.2E-03            2.2995             1.E-03     
              106.3E-03            2.2995             1.E-03     
              106.4E-03            2.29949            1.E-03     
              106.5E-03            2.29949            1.E-03     
              106.6E-03            2.29949            1.E-03     
              106.7E-03            2.29949            1.E-03     
              106.8E-03            2.29949            1.E-03     
              106.9E-03            2.29949            1.E-03     
              107.E-03             2.29949            1.E-03     
              107.1E-03            2.29948            1.E-03     
              107.2E-03            2.29948            1.E-03     
              107.3E-03            2.29948            1.E-03     
              107.4E-03            2.29948            1.E-03     
              107.5E-03            2.29948            1.E-03     
              107.6E-03            2.29948            1.E-03     
              107.7E-03            2.29948            1.E-03     
              107.8E-03            2.29947            1.E-03     
              107.9E-03            2.29947            1.E-03     
              108.E-03             2.29947            1.E-03     
              108.1E-03            2.29947            1.E-03     
              108.2E-03            2.29947            1.E-03     
              108.3E-03            2.29947            1.E-03     
              108.4E-03            2.29947            1.E-03     
              108.5E-03            2.29946            1.E-03     
              108.6E-03            2.29946            1.E-03     
              108.7E-03            2.29946            1.E-03     
              108.8E-03            2.29946            1.E-03     
              108.9E-03            2.29946            1.E-03     
              109.E-03             2.29946            1.E-03     
              109.1E-03            2.29946            1.E-03     
              109.2E-03            2.29945            1.E-03     
              109.3E-03            2.29945            1.E-03     
              109.4E-03            2.29945            1.E-03     
              109.5E-03            2.29945            1.E-03     
              109.6E-03            2.29945            1.E-03     
              109.7E-03            2.29945            1.E-03     
              109.8E-03            2.29945            1.E-03     
              109.9E-03            2.29945            1.E-03     
              110.E-03             2.29944            1.E-03     




