
                             _RF:RF2 PI: PART-  _U:U2 PI: PART-1-
                  X               1-1 N: 7            1 N: 7     

                0.                -0.                 0.         
              100.E-06            64.8584E-03         1.25E-06   
              200.E-06           129.494E-03          2.5E-06    
              300.E-06           193.909E-03          3.75E-06   
              400.E-06           258.105E-03          5.E-06     
              500.E-06           322.083E-03          6.25E-06   
              600.E-06           385.845E-03          7.5E-06    
              700.E-06           449.392E-03          8.75E-06   
              800.E-06           512.727E-03         10.E-06     
              900.E-06           575.85E-03          11.25E-06   
                1.E-03           638.764E-03         12.5E-06    
                1.1E-03          701.47E-03          13.75E-06   
                1.2E-03          763.969E-03         15.E-06     
                1.3E-03          826.262E-03         16.25E-06   
                1.4E-03          888.353E-03         17.5E-06    
                1.5E-03          950.241E-03         18.75E-06   
                1.6E-03            1.01193           20.E-06     
                1.7E-03            1.07342           21.25E-06   
                1.8E-03            1.13471           22.5E-06    
                1.9E-03            1.1958            23.75E-06   
                2.E-03             1.2567            25.E-06     
                2.1E-03            1.31741           26.25E-06   
                2.2E-03            1.37793           27.5E-06    
                2.3E-03            1.43825           28.75E-06   
                2.4E-03            1.49839           30.E-06     
                2.5E-03            1.55834           31.25E-06   
                2.6E-03            1.6181            32.5E-06    
                2.7E-03            1.67768           33.75E-06   
                2.8E-03            1.73707           35.E-06     
                2.9E-03            1.79628           36.25E-06   
                3.E-03             1.85531           37.5E-06    
                3.1E-03            1.91417           38.75E-06   
                3.2E-03            1.97284           40.E-06     
                3.3E-03            2.03134           41.25E-06   
                3.4E-03            2.08966           42.5E-06    
                3.5E-03            2.14781           43.75E-06   
                3.6E-03            2.20578           45.E-06     
                3.7E-03            2.26358           46.25E-06   
                3.8E-03            2.32122           47.5E-06    
                3.9E-03            2.37868           48.75E-06   
                4.E-03             2.43598           50.E-06     
                4.1E-03            2.49311           51.25E-06   
                4.2E-03            2.54401           52.5E-06    
                4.3E-03            2.58856           53.75E-06   
                4.4E-03            2.6276            55.E-06     
                4.5E-03            2.66181           56.25E-06   
                4.6E-03            2.69179           57.5E-06    
                4.7E-03            2.71806           58.75E-06   
                4.8E-03            2.74109           60.E-06     
                4.9E-03            2.76128           61.25E-06   
                5.E-03             2.77899           62.5E-06    
                5.1E-03            2.79452           63.75E-06   
                5.2E-03            2.80814           65.E-06     
                5.3E-03            2.8201            66.25E-06   
                5.4E-03            2.8306            67.5E-06    
                5.5E-03            2.83982           68.75E-06   
                5.6E-03            2.84793           70.E-06     
                5.7E-03            2.85505           71.25E-06   
                5.8E-03            2.86132           72.5E-06    
                5.9E-03            2.86683           73.75E-06   
                6.E-03             2.87169           75.E-06     
                6.1E-03            2.87598           76.25E-06   
                6.2E-03            2.87976           77.5E-06    
                6.3E-03            2.8831            78.75E-06   
                6.4E-03            2.88605           80.E-06     
                6.5E-03            2.88866           81.25E-06   
                6.6E-03            2.89098           82.5E-06    
                6.7E-03            2.89304           83.75E-06   
                6.8E-03            2.89487           85.E-06     
                6.9E-03            2.89651           86.25E-06   
                7.E-03             2.89797           87.5E-06    
                7.1E-03            2.89927           88.75E-06   
                7.2E-03            2.90045           90.E-06     
                7.3E-03            2.9015            91.25E-06   
                7.4E-03            2.90246           92.5E-06    
                7.5E-03            2.90332           93.75E-06   
                7.6E-03            2.9041            95.E-06     
                7.7E-03            2.90482           96.25E-06   
                7.8E-03            2.90547           97.5E-06    
                7.9E-03            2.90607           98.75E-06   
                8.E-03             2.90663          100.E-06     
                8.1E-03            2.90714          101.25E-06   
                8.2E-03            2.90762          102.5E-06    
                8.3E-03            2.90807          103.75E-06   
                8.4E-03            2.90849          105.E-06     
                8.5E-03            2.90888          106.25E-06   
                8.6E-03            2.90925          107.5E-06    
                8.7E-03            2.90961          108.75E-06   
                8.8E-03            2.90994          110.E-06     
                8.9E-03            2.91027          111.25E-06   
                9.E-03             2.91057          112.5E-06    
                9.1E-03            2.91087          113.75E-06   
                9.2E-03            2.91116          115.E-06     
                9.3E-03            2.91144          116.25E-06   
                9.4E-03            2.91171          117.5E-06    
                9.5E-03            2.91197          118.75E-06   
                9.6E-03            2.91223          120.E-06     
                9.7E-03            2.91248          121.25E-06   
                9.8E-03            2.91273          122.5E-06    
                9.9E-03            2.91297          123.75E-06   
               10.E-03             2.91321          125.E-06     
               10.1E-03            2.91345          126.25E-06   
               10.2E-03            2.91368          127.5E-06    
               10.3E-03            2.91391          128.75E-06   
               10.4E-03            2.91413          130.E-06     
               10.5E-03            2.91436          131.25E-06   
               10.6E-03            2.91458          132.5E-06    
               10.7E-03            2.9148           133.75E-06   
               10.8E-03            2.91501          135.E-06     
               10.9E-03            2.91523          136.25E-06   
               11.E-03             2.91544          137.5E-06    
               11.1E-03            2.91565          138.75E-06   
               11.2E-03            2.91586          140.E-06     
               11.3E-03            2.91607          141.25E-06   
               11.4E-03            2.91628          142.5E-06    
               11.5E-03            2.91649          143.75E-06   
               11.6E-03            2.91669          145.E-06     
               11.7E-03            2.9169           146.25E-06   
               11.8E-03            2.9171           147.5E-06    
               11.9E-03            2.9173           148.75E-06   
               12.E-03             2.91751          150.E-06     
               12.1E-03            2.91771          151.25E-06   
               12.2E-03            2.91791          152.5E-06    
               12.3E-03            2.9181           153.75E-06   
               12.4E-03            2.9183           155.E-06     
               12.5E-03            2.9185           156.25E-06   
               12.6E-03            2.91869          157.5E-06    
               12.7E-03            2.91889          158.75E-06   
               12.8E-03            2.91908          160.E-06     
               12.9E-03            2.91928          161.25E-06   
               13.E-03             2.91947          162.5E-06    
               13.1E-03            2.91966          163.75E-06   
               13.2E-03            2.91985          165.E-06     
               13.3E-03            2.92004          166.25E-06   
               13.4E-03            2.92023          167.5E-06    
               13.5E-03            2.92042          168.75E-06   
               13.6E-03            2.92061          170.E-06     
               13.7E-03            2.9208           171.25E-06   
               13.8E-03            2.92098          172.5E-06    
               13.9E-03            2.92117          173.75E-06   
               14.E-03             2.92135          175.E-06     
               14.1E-03            2.92154          176.25E-06   
               14.2E-03            2.92172          177.5E-06    
               14.3E-03            2.9219           178.75E-06   
               14.4E-03            2.92208          180.E-06     
               14.5E-03            2.92227          181.25E-06   
               14.6E-03            2.92245          182.5E-06    
               14.7E-03            2.92263          183.75E-06   
               14.8E-03            2.92281          185.E-06     
               14.9E-03            2.92298          186.25E-06   
               15.E-03             2.92316          187.5E-06    
               15.1E-03            2.92334          188.75E-06   
               15.2E-03            2.92352          190.E-06     
               15.3E-03            2.92369          191.25E-06   
               15.4E-03            2.92387          192.5E-06    
               15.5E-03            2.92404          193.75E-06   
               15.6E-03            2.92421          195.E-06     
               15.7E-03            2.92439          196.25E-06   
               15.8E-03            2.92456          197.5E-06    
               15.9E-03            2.92473          198.75E-06   
               16.E-03             2.9249           200.E-06     
               16.1E-03            2.92507          201.25E-06   
               16.2E-03            2.92524          202.5E-06    
               16.3E-03            2.92541          203.75E-06   
               16.4E-03            2.92558          205.E-06     
               16.5E-03            2.92575          206.25E-06   
               16.6E-03            2.92591          207.5E-06    
               16.7E-03            2.92608          208.75E-06   
               16.8E-03            2.92625          210.E-06     
               16.9E-03            2.92641          211.25E-06   
               17.E-03             2.92658          212.5E-06    
               17.1E-03            2.92674          213.75E-06   
               17.2E-03            2.9269           215.E-06     
               17.3E-03            2.92707          216.25E-06   
               17.4E-03            2.92723          217.5E-06    
               17.5E-03            2.92739          218.75E-06   
               17.6E-03            2.92755          220.E-06     
               17.7E-03            2.92771          221.25E-06   
               17.8E-03            2.92787          222.5E-06    
               17.9E-03            2.92803          223.75E-06   
               18.E-03             2.92819          225.E-06     
               18.1E-03            2.92834          226.25E-06   
               18.2E-03            2.9285           227.5E-06    
               18.3E-03            2.92866          228.75E-06   
               18.4E-03            2.92881          230.E-06     
               18.5E-03            2.92897          231.25E-06   
               18.6E-03            2.92912          232.5E-06    
               18.7E-03            2.92928          233.75E-06   
               18.8E-03            2.92943          235.E-06     
               18.9E-03            2.92958          236.25E-06   
               19.E-03             2.92973          237.5E-06    
               19.1E-03            2.92989          238.75E-06   
               19.2E-03            2.93004          240.E-06     
               19.3E-03            2.93019          241.25E-06   
               19.4E-03            2.93034          242.5E-06    
               19.5E-03            2.93049          243.75E-06   
               19.6E-03            2.93064          245.E-06     
               19.7E-03            2.93078          246.25E-06   
               19.8E-03            2.93093          247.5E-06    
               19.9E-03            2.93108          248.75E-06   
               20.E-03             2.93122          250.E-06     
               20.1E-03            2.93137          251.25E-06   
               20.2E-03            2.93151          252.5E-06    
               20.3E-03            2.93166          253.75E-06   
               20.4E-03            2.9318           255.E-06     
               20.5E-03            2.93195          256.25E-06   
               20.6E-03            2.93209          257.5E-06    
               20.7E-03            2.93223          258.75E-06   
               20.8E-03            2.93237          260.E-06     
               20.9E-03            2.93252          261.25E-06   
               21.E-03             2.93266          262.5E-06    
               21.1E-03            2.9328           263.75E-06   
               21.2E-03            2.93294          265.E-06     
               21.3E-03            2.93308          266.25E-06   
               21.4E-03            2.93321          267.5E-06    
               21.5E-03            2.93335          268.75E-06   
               21.6E-03            2.93349          270.E-06     
               21.7E-03            2.93363          271.25E-06   
               21.8E-03            2.93376          272.5E-06    
               21.9E-03            2.9339           273.75E-06   
               22.E-03             2.93403          275.E-06     
               22.1E-03            2.93417          276.25E-06   
               22.2E-03            2.9343           277.5E-06    
               22.3E-03            2.93444          278.75E-06   
               22.4E-03            2.93457          280.E-06     
               22.5E-03            2.9347           281.25E-06   
               22.6E-03            2.93484          282.5E-06    
               22.7E-03            2.93497          283.75E-06   
               22.8E-03            2.9351           285.E-06     
               22.9E-03            2.93523          286.25E-06   
               23.E-03             2.93536          287.5E-06    
               23.1E-03            2.93549          288.75E-06   
               23.2E-03            2.93562          290.E-06     
               23.3E-03            2.93575          291.25E-06   
               23.4E-03            2.93588          292.5E-06    
               23.5E-03            2.936            293.75E-06   
               23.6E-03            2.93613          295.E-06     
               23.7E-03            2.93626          296.25E-06   
               23.8E-03            2.93638          297.5E-06    
               23.9E-03            2.93651          298.75E-06   
               24.E-03             2.93663          300.E-06     
               24.1E-03            2.93676          301.25E-06   
               24.2E-03            2.93688          302.5E-06    
               24.3E-03            2.93701          303.75E-06   
               24.4E-03            2.93713          305.E-06     
               24.5E-03            2.93725          306.25E-06   
               24.6E-03            2.93738          307.5E-06    
               24.7E-03            2.9375           308.75E-06   
               24.8E-03            2.93762          310.E-06     
               24.9E-03            2.93774          311.25E-06   
               25.E-03             2.93786          312.5E-06    
               25.1E-03            2.93798          313.75E-06   
               25.2E-03            2.9381           315.E-06     
               25.3E-03            2.93822          316.25E-06   
               25.4E-03            2.93834          317.5E-06    
               25.5E-03            2.93846          318.75E-06   
               25.6E-03            2.93857          320.E-06     
               25.7E-03            2.93869          321.25E-06   
               25.8E-03            2.93881          322.5E-06    
               25.9E-03            2.93892          323.75E-06   
               26.E-03             2.93904          325.E-06     
               26.1E-03            2.93915          326.25E-06   
               26.2E-03            2.93927          327.5E-06    
               26.3E-03            2.93938          328.75E-06   
               26.4E-03            2.9395           330.E-06     
               26.5E-03            2.93961          331.25E-06   
               26.6E-03            2.93973          332.5E-06    
               26.7E-03            2.93984          333.75E-06   
               26.8E-03            2.93995          335.E-06     
               26.9E-03            2.94006          336.25E-06   
               27.E-03             2.94017          337.5E-06    
               27.1E-03            2.94028          338.75E-06   
               27.2E-03            2.9404           340.E-06     
               27.3E-03            2.94051          341.25E-06   
               27.4E-03            2.94061          342.5E-06    
               27.5E-03            2.94072          343.75E-06   
               27.6E-03            2.94083          345.E-06     
               27.7E-03            2.94094          346.25E-06   
               27.8E-03            2.94105          347.5E-06    
               27.9E-03            2.94116          348.75E-06   
               28.E-03             2.94126          350.E-06     
               28.1E-03            2.94137          351.25E-06   
               28.2E-03            2.94148          352.5E-06    
               28.3E-03            2.94158          353.75E-06   
               28.4E-03            2.94169          355.E-06     
               28.5E-03            2.94179          356.25E-06   
               28.6E-03            2.9419           357.5E-06    
               28.7E-03            2.942            358.75E-06   
               28.8E-03            2.94211          360.E-06     
               28.9E-03            2.94221          361.25E-06   
               29.E-03             2.94231          362.5E-06    
               29.1E-03            2.94242          363.75E-06   
               29.2E-03            2.94252          365.E-06     
               29.3E-03            2.94262          366.25E-06   
               29.4E-03            2.94272          367.5E-06    
               29.5E-03            2.94282          368.75E-06   
               29.6E-03            2.94292          370.E-06     
               29.7E-03            2.94302          371.25E-06   
               29.8E-03            2.94312          372.5E-06    
               29.9E-03            2.94322          373.75E-06   
               30.E-03             2.94332          375.E-06     
               30.1E-03            2.94342          376.25E-06   
               30.2E-03            2.94352          377.5E-06    
               30.3E-03            2.94362          378.75E-06   
               30.4E-03            2.94372          380.E-06     
               30.5E-03            2.94381          381.25E-06   
               30.6E-03            2.94391          382.5E-06    
               30.7E-03            2.94401          383.75E-06   
               30.8E-03            2.9441           385.E-06     
               30.9E-03            2.9442           386.25E-06   
               31.E-03             2.94429          387.5E-06    
               31.1E-03            2.94439          388.75E-06   
               31.2E-03            2.94448          390.E-06     
               31.3E-03            2.94458          391.25E-06   
               31.4E-03            2.94467          392.5E-06    
               31.5E-03            2.94476          393.75E-06   
               31.6E-03            2.94486          395.E-06     
               31.7E-03            2.94495          396.25E-06   
               31.8E-03            2.94504          397.5E-06    
               31.9E-03            2.94514          398.75E-06   
               32.E-03             2.94523          400.E-06     
               32.1E-03            2.94532          401.25E-06   
               32.2E-03            2.94541          402.5E-06    
               32.3E-03            2.9455           403.75E-06   
               32.4E-03            2.94559          405.E-06     
               32.5E-03            2.94568          406.25E-06   
               32.6E-03            2.94577          407.5E-06    
               32.7E-03            2.94586          408.75E-06   
               32.8E-03            2.94595          410.E-06     
               32.9E-03            2.94604          411.25E-06   
               33.E-03             2.94613          412.5E-06    
               33.1E-03            2.94621          413.75E-06   
               33.2E-03            2.9463           415.E-06     
               33.3E-03            2.94639          416.25E-06   
               33.4E-03            2.94647          417.5E-06    
               33.5E-03            2.94656          418.75E-06   
               33.6E-03            2.94665          420.E-06     
               33.7E-03            2.94673          421.25E-06   
               33.8E-03            2.94682          422.5E-06    
               33.9E-03            2.9469           423.75E-06   
               34.E-03             2.94699          425.E-06     
               34.1E-03            2.94707          426.25E-06   
               34.2E-03            2.94716          427.5E-06    
               34.3E-03            2.94724          428.75E-06   
               34.4E-03            2.94732          430.E-06     
               34.5E-03            2.94741          431.25E-06   
               34.6E-03            2.94749          432.5E-06    
               34.7E-03            2.94757          433.75E-06   
               34.8E-03            2.94766          435.E-06     
               34.9E-03            2.94774          436.25E-06   
               35.E-03             2.94782          437.5E-06    
               35.1E-03            2.9479           438.75E-06   
               35.2E-03            2.94798          440.E-06     
               35.3E-03            2.94806          441.25E-06   
               35.4E-03            2.94814          442.5E-06    
               35.5E-03            2.94822          443.75E-06   
               35.6E-03            2.9483           445.E-06     
               35.7E-03            2.94838          446.25E-06   
               35.8E-03            2.94846          447.5E-06    
               35.9E-03            2.94854          448.75E-06   
               36.E-03             2.94862          450.E-06     
               36.1E-03            2.9487           451.25E-06   
               36.2E-03            2.94877          452.5E-06    
               36.3E-03            2.94885          453.75E-06   
               36.4E-03            2.94893          455.E-06     
               36.5E-03            2.94901          456.25E-06   
               36.6E-03            2.94908          457.5E-06    
               36.7E-03            2.94916          458.75E-06   
               36.8E-03            2.94924          460.E-06     
               36.9E-03            2.94931          461.25E-06   
               37.E-03             2.94939          462.5E-06    
               37.1E-03            2.94946          463.75E-06   
               37.2E-03            2.94954          465.E-06     
               37.3E-03            2.94961          466.25E-06   
               37.4E-03            2.94969          467.5E-06    
               37.5E-03            2.94976          468.75E-06   
               37.6E-03            2.94983          470.E-06     
               37.7E-03            2.94991          471.25E-06   
               37.8E-03            2.94998          472.5E-06    
               37.9E-03            2.95005          473.75E-06   
               38.E-03             2.95013          475.E-06     
               38.1E-03            2.9502           476.25E-06   
               38.2E-03            2.95027          477.5E-06    
               38.3E-03            2.95034          478.75E-06   
               38.4E-03            2.95041          480.E-06     
               38.5E-03            2.95048          481.25E-06   
               38.6E-03            2.95056          482.5E-06    
               38.7E-03            2.95063          483.75E-06   
               38.8E-03            2.9507           485.E-06     
               38.9E-03            2.95077          486.25E-06   
               39.E-03             2.95084          487.5E-06    
               39.1E-03            2.95091          488.75E-06   
               39.2E-03            2.95098          490.E-06     
               39.3E-03            2.95104          491.25E-06   
               39.4E-03            2.95111          492.5E-06    
               39.5E-03            2.95118          493.75E-06   
               39.6E-03            2.95125          495.E-06     
               39.7E-03            2.95132          496.25E-06   
               39.8E-03            2.95139          497.5E-06    
               39.9E-03            2.95145          498.75E-06   
               40.E-03             2.95152          500.E-06     
               40.1E-03            2.95159          501.25E-06   
               40.2E-03            2.95165          502.5E-06    
               40.3E-03            2.95172          503.75E-06   
               40.4E-03            2.95179          505.E-06     
               40.5E-03            2.95185          506.25E-06   
               40.6E-03            2.95192          507.5E-06    
               40.7E-03            2.95198          508.75E-06   
               40.8E-03            2.95205          510.E-06     
               40.9E-03            2.95211          511.25E-06   
               41.E-03             2.95218          512.5E-06    
               41.1E-03            2.95224          513.75E-06   
               41.2E-03            2.95231          515.E-06     
               41.3E-03            2.95237          516.25E-06   
               41.4E-03            2.95243          517.5E-06    
               41.5E-03            2.9525           518.75E-06   
               41.6E-03            2.95256          520.E-06     
               41.7E-03            2.95262          521.25E-06   
               41.8E-03            2.95269          522.5E-06    
               41.9E-03            2.95275          523.75E-06   
               42.E-03             2.95281          525.E-06     
               42.1E-03            2.95287          526.25E-06   
               42.2E-03            2.95293          527.5E-06    
               42.3E-03            2.953            528.75E-06   
               42.4E-03            2.95306          530.E-06     
               42.5E-03            2.95312          531.25E-06   
               42.6E-03            2.95318          532.5E-06    
               42.7E-03            2.95324          533.75E-06   
               42.8E-03            2.9533           535.E-06     
               42.9E-03            2.95336          536.25E-06   
               43.E-03             2.95342          537.5E-06    
               43.1E-03            2.95348          538.75E-06   
               43.2E-03            2.95354          540.E-06     
               43.3E-03            2.9536           541.25E-06   
               43.4E-03            2.95366          542.5E-06    
               43.5E-03            2.95371          543.75E-06   
               43.6E-03            2.95377          545.E-06     
               43.7E-03            2.95383          546.25E-06   
               43.8E-03            2.95389          547.5E-06    
               43.9E-03            2.95395          548.75E-06   
               44.E-03             2.954            550.E-06     
               44.1E-03            2.95406          551.25E-06   
               44.2E-03            2.95412          552.5E-06    
               44.3E-03            2.95418          553.75E-06   
               44.4E-03            2.95423          555.E-06     
               44.5E-03            2.95429          556.25E-06   
               44.6E-03            2.95434          557.5E-06    
               44.7E-03            2.9544           558.75E-06   
               44.8E-03            2.95446          560.E-06     
               44.9E-03            2.95451          561.25E-06   
               45.E-03             2.95457          562.5E-06    
               45.1E-03            2.95462          563.75E-06   
               45.2E-03            2.95468          565.E-06     
               45.3E-03            2.95473          566.25E-06   
               45.4E-03            2.95479          567.5E-06    
               45.5E-03            2.95484          568.75E-06   
               45.6E-03            2.9549           570.E-06     
               45.7E-03            2.95495          571.25E-06   
               45.8E-03            2.955            572.5E-06    
               45.9E-03            2.95506          573.75E-06   
               46.E-03             2.95511          575.E-06     
               46.1E-03            2.95516          576.25E-06   
               46.2E-03            2.95521          577.5E-06    
               46.3E-03            2.95527          578.75E-06   
               46.4E-03            2.95532          580.E-06     
               46.5E-03            2.95537          581.25E-06   
               46.6E-03            2.95542          582.5E-06    
               46.7E-03            2.95548          583.75E-06   
               46.8E-03            2.95553          585.E-06     
               46.9E-03            2.95558          586.25E-06   
               47.E-03             2.95563          587.5E-06    
               47.1E-03            2.95568          588.75E-06   
               47.2E-03            2.95573          590.E-06     
               47.3E-03            2.95578          591.25E-06   
               47.4E-03            2.95583          592.5E-06    
               47.5E-03            2.95588          593.75E-06   
               47.6E-03            2.95593          595.E-06     
               47.7E-03            2.95598          596.25E-06   
               47.8E-03            2.95603          597.5E-06    
               47.9E-03            2.95608          598.75E-06   
               48.E-03             2.95613          600.E-06     
               48.1E-03            2.95618          601.25E-06   
               48.2E-03            2.95623          602.5E-06    
               48.3E-03            2.95628          603.75E-06   
               48.4E-03            2.95633          605.E-06     
               48.5E-03            2.95637          606.25E-06   
               48.6E-03            2.95642          607.5E-06    
               48.7E-03            2.95647          608.75E-06   
               48.8E-03            2.95652          610.E-06     
               48.9E-03            2.95656          611.25E-06   
               49.E-03             2.95661          612.5E-06    
               49.1E-03            2.95666          613.75E-06   
               49.2E-03            2.95671          615.E-06     
               49.3E-03            2.95675          616.25E-06   
               49.4E-03            2.9568           617.5E-06    
               49.5E-03            2.95685          618.75E-06   
               49.6E-03            2.95689          620.E-06     
               49.7E-03            2.95694          621.25E-06   
               49.8E-03            2.95698          622.5E-06    
               49.9E-03            2.95703          623.75E-06   
               50.E-03             2.95708          625.E-06     
               50.1E-03            2.95712          626.25E-06   
               50.2E-03            2.95717          627.5E-06    
               50.3E-03            2.95721          628.75E-06   
               50.4E-03            2.95726          630.E-06     
               50.5E-03            2.9573           631.25E-06   
               50.6E-03            2.95735          632.5E-06    
               50.7E-03            2.95739          633.75E-06   
               50.8E-03            2.95743          635.E-06     
               50.9E-03            2.95748          636.25E-06   
               51.E-03             2.95752          637.5E-06    
               51.1E-03            2.95756          638.75E-06   
               51.2E-03            2.95761          640.E-06     
               51.3E-03            2.95765          641.25E-06   
               51.4E-03            2.95769          642.5E-06    
               51.5E-03            2.95774          643.75E-06   
               51.6E-03            2.95778          645.E-06     
               51.7E-03            2.95782          646.25E-06   
               51.8E-03            2.95787          647.5E-06    
               51.9E-03            2.95791          648.75E-06   
               52.E-03             2.95795          650.E-06     
               52.1E-03            2.95799          651.25E-06   
               52.2E-03            2.95803          652.5E-06    
               52.3E-03            2.95808          653.75E-06   
               52.4E-03            2.95812          655.E-06     
               52.5E-03            2.95816          656.25E-06   
               52.6E-03            2.9582           657.5E-06    
               52.7E-03            2.95824          658.75E-06   
               52.8E-03            2.95828          660.E-06     
               52.9E-03            2.95832          661.25E-06   
               53.E-03             2.95836          662.5E-06    
               53.1E-03            2.9584           663.75E-06   
               53.2E-03            2.95844          665.E-06     
               53.3E-03            2.95848          666.25E-06   
               53.4E-03            2.95852          667.5E-06    
               53.5E-03            2.95856          668.75E-06   
               53.6E-03            2.9586           670.E-06     
               53.7E-03            2.95864          671.25E-06   
               53.8E-03            2.95868          672.5E-06    
               53.9E-03            2.95872          673.75E-06   
               54.E-03             2.95876          675.E-06     
               54.1E-03            2.9588           676.25E-06   
               54.2E-03            2.95884          677.5E-06    
               54.3E-03            2.95887          678.75E-06   
               54.4E-03            2.95891          680.E-06     
               54.5E-03            2.95895          681.25E-06   
               54.6E-03            2.95899          682.5E-06    
               54.7E-03            2.95903          683.75E-06   
               54.8E-03            2.95906          685.E-06     
               54.9E-03            2.9591           686.25E-06   
               55.E-03             2.95914          687.5E-06    
               55.1E-03            2.95918          688.75E-06   
               55.2E-03            2.95921          690.E-06     
               55.3E-03            2.95925          691.25E-06   
               55.4E-03            2.95929          692.5E-06    
               55.5E-03            2.95933          693.75E-06   
               55.6E-03            2.95936          695.E-06     
               55.7E-03            2.9594           696.25E-06   
               55.8E-03            2.95943          697.5E-06    
               55.9E-03            2.95947          698.75E-06   
               56.E-03             2.95951          700.E-06     
               56.1E-03            2.95954          701.25E-06   
               56.2E-03            2.95958          702.5E-06    
               56.3E-03            2.95961          703.75E-06   
               56.4E-03            2.95965          705.E-06     
               56.5E-03            2.95969          706.25E-06   
               56.6E-03            2.95972          707.5E-06    
               56.7E-03            2.95976          708.75E-06   
               56.8E-03            2.95979          710.E-06     
               56.9E-03            2.95983          711.25E-06   
               57.E-03             2.95986          712.5E-06    
               57.1E-03            2.95989          713.75E-06   
               57.2E-03            2.95993          715.E-06     
               57.3E-03            2.95996          716.25E-06   
               57.4E-03            2.96             717.5E-06    
               57.5E-03            2.96003          718.75E-06   
               57.6E-03            2.96006          720.E-06     
               57.7E-03            2.9601           721.25E-06   
               57.8E-03            2.96013          722.5E-06    
               57.9E-03            2.96017          723.75E-06   
               58.E-03             2.9602           725.E-06     
               58.1E-03            2.96023          726.25E-06   
               58.2E-03            2.96027          727.5E-06    
               58.3E-03            2.9603           728.75E-06   
               58.4E-03            2.96033          730.E-06     
               58.5E-03            2.96036          731.25E-06   
               58.6E-03            2.9604           732.5E-06    
               58.7E-03            2.96043          733.75E-06   
               58.8E-03            2.96046          735.E-06     
               58.9E-03            2.96049          736.25E-06   
               59.E-03             2.96053          737.5E-06    
               59.1E-03            2.96056          738.75E-06   
               59.2E-03            2.96059          740.E-06     
               59.3E-03            2.96062          741.25E-06   
               59.4E-03            2.96065          742.5E-06    
               59.5E-03            2.96068          743.75E-06   
               59.6E-03            2.96072          745.E-06     
               59.7E-03            2.96075          746.25E-06   
               59.8E-03            2.96078          747.5E-06    
               59.9E-03            2.96081          748.75E-06   
               60.E-03             2.96084          750.E-06     
               60.1E-03            2.96087          751.25E-06   
               60.2E-03            2.9609           752.5E-06    
               60.3E-03            2.96093          753.75E-06   
               60.4E-03            2.96096          755.E-06     
               60.5E-03            2.96099          756.25E-06   
               60.6E-03            2.96102          757.5E-06    
               60.7E-03            2.96105          758.75E-06   
               60.8E-03            2.96108          760.E-06     
               60.9E-03            2.96111          761.25E-06   
               61.E-03             2.96114          762.5E-06    
               61.1E-03            2.96117          763.75E-06   
               61.2E-03            2.9612           765.E-06     
               61.3E-03            2.96123          766.25E-06   
               61.4E-03            2.96126          767.5E-06    
               61.5E-03            2.96129          768.75E-06   
               61.6E-03            2.96132          770.E-06     
               61.7E-03            2.96135          771.25E-06   
               61.8E-03            2.96137          772.5E-06    
               61.9E-03            2.9614           773.75E-06   
               62.E-03             2.96143          775.E-06     
               62.1E-03            2.96146          776.25E-06   
               62.2E-03            2.96149          777.5E-06    
               62.3E-03            2.96152          778.75E-06   
               62.4E-03            2.96154          780.E-06     
               62.5E-03            2.96157          781.25E-06   
               62.6E-03            2.9616           782.5E-06    
               62.7E-03            2.96163          783.75E-06   
               62.8E-03            2.96166          785.E-06     
               62.9E-03            2.96168          786.25E-06   
               63.E-03             2.96171          787.5E-06    
               63.1E-03            2.96174          788.75E-06   
               63.2E-03            2.96177          790.E-06     
               63.3E-03            2.96179          791.25E-06   
               63.4E-03            2.96182          792.5E-06    
               63.5E-03            2.96185          793.75E-06   
               63.6E-03            2.96187          795.E-06     
               63.7E-03            2.9619           796.25E-06   
               63.8E-03            2.96193          797.5E-06    
               63.9E-03            2.96195          798.75E-06   
               64.E-03             2.96198          800.E-06     
               64.1E-03            2.96201          801.25E-06   
               64.2E-03            2.96203          802.5E-06    
               64.3E-03            2.96206          803.75E-06   
               64.4E-03            2.96208          805.E-06     
               64.5E-03            2.96211          806.25E-06   
               64.6E-03            2.96214          807.5E-06    
               64.7E-03            2.96216          808.75E-06   
               64.8E-03            2.96219          810.E-06     
               64.9E-03            2.96221          811.25E-06   
               65.E-03             2.96224          812.5E-06    
               65.1E-03            2.96226          813.75E-06   
               65.2E-03            2.96229          815.E-06     
               65.3E-03            2.96231          816.25E-06   
               65.4E-03            2.96234          817.5E-06    
               65.5E-03            2.96236          818.75E-06   
               65.6E-03            2.96239          820.E-06     
               65.7E-03            2.96241          821.25E-06   
               65.8E-03            2.96244          822.5E-06    
               65.9E-03            2.96246          823.75E-06   
               66.E-03             2.96249          825.E-06     
               66.1E-03            2.96251          826.25E-06   
               66.2E-03            2.96254          827.5E-06    
               66.3E-03            2.96256          828.75E-06   
               66.4E-03            2.96258          830.E-06     
               66.5E-03            2.96261          831.25E-06   
               66.6E-03            2.96263          832.5E-06    
               66.7E-03            2.96266          833.75E-06   
               66.8E-03            2.96268          835.E-06     
               66.9E-03            2.9627           836.25E-06   
               67.E-03             2.96273          837.5E-06    
               67.1E-03            2.96275          838.75E-06   
               67.2E-03            2.96277          840.E-06     
               67.3E-03            2.9628           841.25E-06   
               67.4E-03            2.96282          842.5E-06    
               67.5E-03            2.96284          843.75E-06   
               67.6E-03            2.96287          845.E-06     
               67.7E-03            2.96289          846.25E-06   
               67.8E-03            2.96291          847.5E-06    
               67.9E-03            2.96293          848.75E-06   
               68.E-03             2.96296          850.E-06     
               68.1E-03            2.96298          851.25E-06   
               68.2E-03            2.963            852.5E-06    
               68.3E-03            2.96302          853.75E-06   
               68.4E-03            2.96305          855.E-06     
               68.5E-03            2.96307          856.25E-06   
               68.6E-03            2.96309          857.5E-06    
               68.7E-03            2.96311          858.75E-06   
               68.8E-03            2.96313          860.E-06     
               68.9E-03            2.96316          861.25E-06   
               69.E-03             2.96318          862.5E-06    
               69.1E-03            2.9632           863.75E-06   
               69.2E-03            2.96322          865.E-06     
               69.3E-03            2.96324          866.25E-06   
               69.4E-03            2.96326          867.5E-06    
               69.5E-03            2.96328          868.75E-06   
               69.6E-03            2.96331          870.E-06     
               69.7E-03            2.96333          871.25E-06   
               69.8E-03            2.96335          872.5E-06    
               69.9E-03            2.96337          873.75E-06   
               70.E-03             2.96339          875.E-06     
               70.1E-03            2.96341          876.25E-06   
               70.2E-03            2.96343          877.5E-06    
               70.3E-03            2.96345          878.75E-06   
               70.4E-03            2.96347          880.E-06     
               70.5E-03            2.96349          881.25E-06   
               70.6E-03            2.96351          882.5E-06    
               70.7E-03            2.96353          883.75E-06   
               70.8E-03            2.96355          885.E-06     
               70.9E-03            2.96357          886.25E-06   
               71.E-03             2.96359          887.5E-06    
               71.1E-03            2.96361          888.75E-06   
               71.2E-03            2.96363          890.E-06     
               71.3E-03            2.96365          891.25E-06   
               71.4E-03            2.96367          892.5E-06    
               71.5E-03            2.96369          893.75E-06   
               71.6E-03            2.96371          895.E-06     
               71.7E-03            2.96373          896.25E-06   
               71.8E-03            2.96375          897.5E-06    
               71.9E-03            2.96377          898.75E-06   
               72.E-03             2.96379          900.E-06     
               72.1E-03            2.96381          901.25E-06   
               72.2E-03            2.96383          902.5E-06    
               72.3E-03            2.96385          903.75E-06   
               72.4E-03            2.96387          905.E-06     
               72.5E-03            2.96389          906.25E-06   
               72.6E-03            2.96391          907.5E-06    
               72.7E-03            2.96392          908.75E-06   
               72.8E-03            2.96394          910.E-06     
               72.9E-03            2.96396          911.25E-06   
               73.E-03             2.96398          912.5E-06    
               73.1E-03            2.964            913.75E-06   
               73.2E-03            2.96402          915.E-06     
               73.3E-03            2.96404          916.25E-06   
               73.4E-03            2.96405          917.5E-06    
               73.5E-03            2.96407          918.75E-06   
               73.6E-03            2.96409          920.E-06     
               73.7E-03            2.96411          921.25E-06   
               73.8E-03            2.96413          922.5E-06    
               73.9E-03            2.96414          923.75E-06   
               74.E-03             2.96416          925.E-06     
               74.1E-03            2.96418          926.25E-06   
               74.2E-03            2.9642           927.5E-06    
               74.3E-03            2.96422          928.75E-06   
               74.4E-03            2.96423          930.E-06     
               74.5E-03            2.96425          931.25E-06   
               74.6E-03            2.96427          932.5E-06    
               74.7E-03            2.96429          933.75E-06   
               74.8E-03            2.9643           935.E-06     
               74.9E-03            2.96432          936.25E-06   
               75.E-03             2.96434          937.5E-06    
               75.1E-03            2.96435          938.75E-06   
               75.2E-03            2.96437          940.E-06     
               75.3E-03            2.96439          941.25E-06   
               75.4E-03            2.96441          942.5E-06    
               75.5E-03            2.96442          943.75E-06   
               75.6E-03            2.96444          945.E-06     
               75.7E-03            2.96446          946.25E-06   
               75.8E-03            2.96447          947.5E-06    
               75.9E-03            2.96449          948.75E-06   
               76.E-03             2.96451          950.E-06     
               76.1E-03            2.96452          951.25E-06   
               76.2E-03            2.96454          952.5E-06    
               76.3E-03            2.96456          953.75E-06   
               76.4E-03            2.96457          955.E-06     
               76.5E-03            2.96459          956.25E-06   
               76.6E-03            2.9646           957.5E-06    
               76.7E-03            2.96462          958.75E-06   
               76.8E-03            2.96464          960.E-06     
               76.9E-03            2.96465          961.25E-06   
               77.E-03             2.96467          962.5E-06    
               77.1E-03            2.96468          963.75E-06   
               77.2E-03            2.9647           965.E-06     
               77.3E-03            2.96472          966.25E-06   
               77.4E-03            2.96473          967.5E-06    
               77.5E-03            2.96475          968.75E-06   
               77.6E-03            2.96476          970.E-06     
               77.7E-03            2.96478          971.25E-06   
               77.8E-03            2.96479          972.5E-06    
               77.9E-03            2.96481          973.75E-06   
               78.E-03             2.96482          975.E-06     
               78.1E-03            2.96484          976.25E-06   
               78.2E-03            2.96485          977.5E-06    
               78.3E-03            2.96487          978.75E-06   
               78.4E-03            2.96488          980.E-06     
               78.5E-03            2.9649           981.25E-06   
               78.6E-03            2.96491          982.5E-06    
               78.7E-03            2.96493          983.75E-06   
               78.8E-03            2.96494          985.E-06     
               78.9E-03            2.96496          986.25E-06   
               79.E-03             2.96497          987.5E-06    
               79.1E-03            2.96499          988.75E-06   
               79.2E-03            2.965            990.E-06     
               79.3E-03            2.96502          991.25E-06   
               79.4E-03            2.96503          992.5E-06    
               79.5E-03            2.96505          993.75E-06   
               79.6E-03            2.96506          995.E-06     
               79.7E-03            2.96508          996.25E-06   
               79.8E-03            2.96509          997.5E-06    
               79.9E-03            2.9651           998.75E-06   
               80.E-03             2.96512            1.E-03     
               80.E-03             2.96512            1.E-03     
               81.E-03             2.69652            1.E-03     
               82.E-03             2.58554            1.E-03     
               83.E-03             2.53959            1.E-03     
               84.E-03             2.52048            1.E-03     
               85.E-03             2.51244            1.E-03     
               86.E-03             2.50897            1.E-03     
               87.E-03             2.5074             1.E-03     
               88.E-03             2.50661            1.E-03     
               89.E-03             2.50615            1.E-03     
               90.E-03             2.50583            1.E-03     
               91.E-03             2.50558            1.E-03     
               92.E-03             2.50535            1.E-03     
               93.E-03             2.50515            1.E-03     
               94.E-03             2.50495            1.E-03     
               95.E-03             2.50476            1.E-03     
               96.E-03             2.50458            1.E-03     
               97.E-03             2.50441            1.E-03     
               98.E-03             2.50425            1.E-03     
               99.E-03             2.50409            1.E-03     
              100.E-03             2.50393            1.E-03     
              101.E-03             2.50379            1.E-03     
              102.E-03             2.50364            1.E-03     
              103.E-03             2.50351            1.E-03     
              104.E-03             2.50338            1.E-03     
              105.E-03             2.50325            1.E-03     
              106.E-03             2.50313            1.E-03     
              107.E-03             2.50301            1.E-03     
              108.E-03             2.5029             1.E-03     
              109.E-03             2.50279            1.E-03     
              110.E-03             2.50268            1.E-03     
              111.E-03             2.50258            1.E-03     
              112.E-03             2.50249            1.E-03     
              113.E-03             2.50239            1.E-03     
              114.E-03             2.5023             1.E-03     
              115.E-03             2.50222            1.E-03     
              116.E-03             2.50213            1.E-03     
              117.E-03             2.50205            1.E-03     
              118.E-03             2.50198            1.E-03     
              119.E-03             2.5019             1.E-03     
              120.E-03             2.50183            1.E-03     
              121.E-03             2.50176            1.E-03     
              122.E-03             2.5017             1.E-03     
              123.E-03             2.50163            1.E-03     
              124.E-03             2.50157            1.E-03     
              125.E-03             2.50151            1.E-03     
              126.E-03             2.50145            1.E-03     
              127.E-03             2.5014             1.E-03     
              128.E-03             2.50135            1.E-03     
              129.E-03             2.5013             1.E-03     
              130.E-03             2.50125            1.E-03     
              131.E-03             2.5012             1.E-03     
              132.E-03             2.50116            1.E-03     
              133.E-03             2.50111            1.E-03     
              134.E-03             2.50107            1.E-03     
              135.E-03             2.50103            1.E-03     
              136.E-03             2.50099            1.E-03     
              137.E-03             2.50096            1.E-03     
              138.E-03             2.50092            1.E-03     
              139.E-03             2.50088            1.E-03     
              140.E-03             2.50085            1.E-03     
              141.E-03             2.50082            1.E-03     
              142.E-03             2.50079            1.E-03     
              143.E-03             2.50076            1.E-03     
              144.E-03             2.50073            1.E-03     
              145.E-03             2.5007             1.E-03     
              146.E-03             2.50068            1.E-03     
              147.E-03             2.50065            1.E-03     
              148.E-03             2.50063            1.E-03     
              149.E-03             2.5006             1.E-03     
              150.E-03             2.50058            1.E-03     
              151.E-03             2.50056            1.E-03     
              152.E-03             2.50054            1.E-03     
              153.E-03             2.50052            1.E-03     
              154.E-03             2.5005             1.E-03     
              155.E-03             2.50048            1.E-03     
              156.E-03             2.50046            1.E-03     
              157.E-03             2.50044            1.E-03     
              158.E-03             2.50043            1.E-03     
              159.E-03             2.50041            1.E-03     
              160.E-03             2.5004             1.E-03     
              161.E-03             2.50038            1.E-03     
              162.E-03             2.50037            1.E-03     
              163.E-03             2.50035            1.E-03     
              164.E-03             2.50034            1.E-03     
              165.E-03             2.50033            1.E-03     
              166.E-03             2.50031            1.E-03     
              167.E-03             2.5003             1.E-03     
              168.E-03             2.50029            1.E-03     
              169.E-03             2.50028            1.E-03     
              170.E-03             2.50027            1.E-03     
              171.E-03             2.50026            1.E-03     
              172.E-03             2.50025            1.E-03     
              173.E-03             2.50024            1.E-03     
              174.E-03             2.50023            1.E-03     
              175.E-03             2.50022            1.E-03     
              176.E-03             2.50021            1.E-03     
              177.E-03             2.50021            1.E-03     
              178.E-03             2.5002             1.E-03     
              179.E-03             2.50019            1.E-03     
              180.E-03             2.50018            1.E-03     




